<file>acs_map.3ncurses.html</file>
<file>addch.3ncurses.html</file>
<file>addchnstr.3ncurses.html</file>
<file>addchstr.3ncurses.html</file>
<file>addnstr.3ncurses.html</file>
<file>addnwstr.3ncurses.html</file>
<file>addstr.3ncurses.html</file>
<file>add_wch.3ncurses.html</file>
<file>add_wchnstr.3ncurses.html</file>
<file>add_wchstr.3ncurses.html</file>
<file>addwstr.3ncurses.html</file>
<file>assume_default_colors.3ncurses.html</file>
<file>assume_default_colors_sp.3ncurses.html</file>
<file>attr.3ncurses.html</file>
<file>attr_get.3ncurses.html</file>
<file>attr_off.3ncurses.html</file>
<file>attroff.3ncurses.html</file>
<file>attr_on.3ncurses.html</file>
<file>attron.3ncurses.html</file>
<file>attr_set.3ncurses.html</file>
<file>attrset.3ncurses.html</file>
<file>baudrate.3ncurses.html</file>
<file>baudrate_sp.3ncurses.html</file>
<file>BC.3ncurses.html</file>
<file>beep.3ncurses.html</file>
<file>beep_sp.3ncurses.html</file>
<file>bkgd.3ncurses.html</file>
<file>bkgdset.3ncurses.html</file>
<file>bkgrnd.3ncurses.html</file>
<file>bkgrndset.3ncurses.html</file>
<file>boolcodes.3ncurses.html</file>
<file>boolfnames.3ncurses.html</file>
<file>boolnames.3ncurses.html</file>
<file>border.3ncurses.html</file>
<file>border_set.3ncurses.html</file>
<file>box.3ncurses.html</file>
<file>box_set.3ncurses.html</file>
<file>can_change_color.3ncurses.html</file>
<file>can_change_color_sp.3ncurses.html</file>
<file>cbreak.3ncurses.html</file>
<file>cbreak_sp.3ncurses.html</file>
<file>ceiling_panel.3ncurses.html</file>
<file>chgat.3ncurses.html</file>
<file>clear.3ncurses.html</file>
<file>clearok.3ncurses.html</file>
<file>clrtobot.3ncurses.html</file>
<file>clrtoeol.3ncurses.html</file>
<file>color.3ncurses.html</file>
<file>color_content.3ncurses.html</file>
<file>color_content_sp.3ncurses.html</file>
<file>COLOR_PAIR.3ncurses.html</file>
<file>COLOR_PAIRS.3ncurses.html</file>
<file>COLORS.3ncurses.html</file>
<file>color_set.3ncurses.html</file>
<file>COLS.3ncurses.html</file>
<file>copywin.3ncurses.html</file>
<file>curscr.3ncurses.html</file>
<file>curses_variables.3ncurses.html</file>
<file>curses_version.3ncurses.html</file>
<file>curs_set.3ncurses.html</file>
<file>curs_set_sp.3ncurses.html</file>
<file>cur_term.3ncurses.html</file>
<file>default_colors.3ncurses.html</file>
<file>define_key.3ncurses.html</file>
<file>define_key_sp.3ncurses.html</file>
<file>def_prog_mode.3ncurses.html</file>
<file>def_prog_mode_sp.3ncurses.html</file>
<file>def_shell_mode.3ncurses.html</file>
<file>def_shell_mode_sp.3ncurses.html</file>
<file>delay_output.3ncurses.html</file>
<file>delay_output_sp.3ncurses.html</file>
<file>delch.3ncurses.html</file>
<file>del_curterm.3ncurses.html</file>
<file>del_curterm_sp.3ncurses.html</file>
<file>deleteln.3ncurses.html</file>
<file>delscreen.3ncurses.html</file>
<file>delwin.3ncurses.html</file>
<file>derwin.3ncurses.html</file>
<file>doupdate.3ncurses.html</file>
<file>doupdate_sp.3ncurses.html</file>
<file>dupwin.3ncurses.html</file>
<file>echo.3ncurses.html</file>
<file>echochar.3ncurses.html</file>
<file>echo_sp.3ncurses.html</file>
<file>echo_wchar.3ncurses.html</file>
<file>endwin.3ncurses.html</file>
<file>endwin_sp.3ncurses.html</file>
<file>erase.3ncurses.html</file>
<file>erasechar.3ncurses.html</file>
<file>erasechar_sp.3ncurses.html</file>
<file>erasewchar.3ncurses.html</file>
<file>ESCDELAY.3ncurses.html</file>
<file>extensions.3ncurses.html</file>
<file>filter.3ncurses.html</file>
<file>filter_sp.3ncurses.html</file>
<file>flash.3ncurses.html</file>
<file>flash_sp.3ncurses.html</file>
<file>flushinp.3ncurses.html</file>
<file>flushinp_sp.3ncurses.html</file>
<file>getattrs.3ncurses.html</file>
<file>getbegx.3ncurses.html</file>
<file>getbegy.3ncurses.html</file>
<file>getbegyx.3ncurses.html</file>
<file>getbkgd.3ncurses.html</file>
<file>getbkgrnd.3ncurses.html</file>
<file>getcchar.3ncurses.html</file>
<file>getch.3ncurses.html</file>
<file>getcurx.3ncurses.html</file>
<file>getcury.3ncurses.html</file>
<file>get_escdelay.3ncurses.html</file>
<file>get_escdelay_sp.3ncurses.html</file>
<file>getmaxx.3ncurses.html</file>
<file>getmaxy.3ncurses.html</file>
<file>getmaxyx.3ncurses.html</file>
<file>getmouse.3ncurses.html</file>
<file>getmouse_sp.3ncurses.html</file>
<file>getnstr.3ncurses.html</file>
<file>getn_wstr.3ncurses.html</file>
<file>getparx.3ncurses.html</file>
<file>getpary.3ncurses.html</file>
<file>getparyx.3ncurses.html</file>
<file>getstr.3ncurses.html</file>
<file>getsyx.3ncurses.html</file>
<file>get_wch.3ncurses.html</file>
<file>getwin.3ncurses.html</file>
<file>getwin_sp.3ncurses.html</file>
<file>get_wstr.3ncurses.html</file>
<file>getyx.3ncurses.html</file>
<file>ground_panel.3ncurses.html</file>
<file>halfdelay.3ncurses.html</file>
<file>halfdelay_sp.3ncurses.html</file>
<file>has_colors.3ncurses.html</file>
<file>has_colors_sp.3ncurses.html</file>
<file>has_ic.3ncurses.html</file>
<file>has_ic_sp.3ncurses.html</file>
<file>has_il.3ncurses.html</file>
<file>has_il_sp.3ncurses.html</file>
<file>has_key.3ncurses.html</file>
<file>has_key_sp.3ncurses.html</file>
<file>has_mouse.3ncurses.html</file>
<file>has_mouse_sp.3ncurses.html</file>
<file>hline.3ncurses.html</file>
<file>hline_set.3ncurses.html</file>
<file>idcok.3ncurses.html</file>
<file>idlok.3ncurses.html</file>
<file>immedok.3ncurses.html</file>
<file>inch.3ncurses.html</file>
<file>inchnstr.3ncurses.html</file>
<file>inchstr.3ncurses.html</file>
<file>init_color.3ncurses.html</file>
<file>init_color_sp.3ncurses.html</file>
<file>init_pair.3ncurses.html</file>
<file>init_pair_sp.3ncurses.html</file>
<file>initscr.3ncurses.html</file>
<file>innstr.3ncurses.html</file>
<file>innwstr.3ncurses.html</file>
<file>inopts.3ncurses.html</file>
<file>insch.3ncurses.html</file>
<file>insdelln.3ncurses.html</file>
<file>insertln.3ncurses.html</file>
<file>insnstr.3ncurses.html</file>
<file>ins_nwstr.3ncurses.html</file>
<file>insstr.3ncurses.html</file>
<file>instr.3ncurses.html</file>
<file>ins_wch.3ncurses.html</file>
<file>ins_wstr.3ncurses.html</file>
<file>intrflush.3ncurses.html</file>
<file>intrflush_sp.3ncurses.html</file>
<file>in_wch.3ncurses.html</file>
<file>in_wchnstr.3ncurses.html</file>
<file>in_wchstr.3ncurses.html</file>
<file>inwstr.3ncurses.html</file>
<file>is_cleared.3ncurses.html</file>
<file>isendwin.3ncurses.html</file>
<file>isendwin_sp.3ncurses.html</file>
<file>is_idcok.3ncurses.html</file>
<file>is_idlok.3ncurses.html</file>
<file>is_immedok.3ncurses.html</file>
<file>is_keypad.3ncurses.html</file>
<file>is_leaveok.3ncurses.html</file>
<file>is_linetouched.3ncurses.html</file>
<file>is_nodelay.3ncurses.html</file>
<file>is_notimeout.3ncurses.html</file>
<file>is_pad.3ncurses.html</file>
<file>is_scrollok.3ncurses.html</file>
<file>is_subwin.3ncurses.html</file>
<file>is_syncok.3ncurses.html</file>
<file>is_term_resized.3ncurses.html</file>
<file>is_term_resized_sp.3ncurses.html</file>
<file>is_wintouched.3ncurses.html</file>
<file>kernel.3ncurses.html</file>
<file>keybound.3ncurses.html</file>
<file>keybound_sp.3ncurses.html</file>
<file>key_defined.3ncurses.html</file>
<file>key_defined_sp.3ncurses.html</file>
<file>key_name.3ncurses.html</file>
<file>keyname.3ncurses.html</file>
<file>keyname_sp.3ncurses.html</file>
<file>keyok.3ncurses.html</file>
<file>keyok_sp.3ncurses.html</file>
<file>keypad.3ncurses.html</file>
<file>killchar.3ncurses.html</file>
<file>killchar_sp.3ncurses.html</file>
<file>killwchar.3ncurses.html</file>
<file>leaveok.3ncurses.html</file>
<file>legacy.3ncurses.html</file>
<file>legacy_coding.3ncurses.html</file>
<file>LINES.3ncurses.html</file>
<file>longname.3ncurses.html</file>
<file>mcprint.3ncurses.html</file>
<file>mcprint_sp.3ncurses.html</file>
<file>memleaks.3ncurses.html</file>
<file>meta.3ncurses.html</file>
<file>mouse.3ncurses.html</file>
<file>mouseinterval.3ncurses.html</file>
<file>mouseinterval_sp.3ncurses.html</file>
<file>mousemask.3ncurses.html</file>
<file>mousemask_sp.3ncurses.html</file>
<file>mouse_trafo.3ncurses.html</file>
<file>move.3ncurses.html</file>
<file>mvaddch.3ncurses.html</file>
<file>mvaddchnstr.3ncurses.html</file>
<file>mvaddchstr.3ncurses.html</file>
<file>mvaddnstr.3ncurses.html</file>
<file>mvaddnwstr.3ncurses.html</file>
<file>mvaddstr.3ncurses.html</file>
<file>mvadd_wch.3ncurses.html</file>
<file>mvadd_wchnstr.3ncurses.html</file>
<file>mvadd_wchstr.3ncurses.html</file>
<file>mvaddwstr.3ncurses.html</file>
<file>mvchgat.3ncurses.html</file>
<file>mvcur.3ncurses.html</file>
<file>mvcur_sp.3ncurses.html</file>
<file>mvdelch.3ncurses.html</file>
<file>mvderwin.3ncurses.html</file>
<file>mvgetch.3ncurses.html</file>
<file>mvgetnstr.3ncurses.html</file>
<file>mvgetn_wstr.3ncurses.html</file>
<file>mvgetstr.3ncurses.html</file>
<file>mvget_wch.3ncurses.html</file>
<file>mvget_wstr.3ncurses.html</file>
<file>mvhline.3ncurses.html</file>
<file>mvhline_set.3ncurses.html</file>
<file>mvinch.3ncurses.html</file>
<file>mvinchnstr.3ncurses.html</file>
<file>mvinchstr.3ncurses.html</file>
<file>mvinnstr.3ncurses.html</file>
<file>mvinnwstr.3ncurses.html</file>
<file>mvinsch.3ncurses.html</file>
<file>mvinsnstr.3ncurses.html</file>
<file>mvins_nwstr.3ncurses.html</file>
<file>mvinsstr.3ncurses.html</file>
<file>mvinstr.3ncurses.html</file>
<file>mvins_wch.3ncurses.html</file>
<file>mvins_wstr.3ncurses.html</file>
<file>mvin_wch.3ncurses.html</file>
<file>mvin_wchnstr.3ncurses.html</file>
<file>mvin_wchstr.3ncurses.html</file>
<file>mvinwstr.3ncurses.html</file>
<file>mvprintw.3ncurses.html</file>
<file>mvscanw.3ncurses.html</file>
<file>mvvline.3ncurses.html</file>
<file>mvvline_set.3ncurses.html</file>
<file>mvwaddch.3ncurses.html</file>
<file>mvwaddchnstr.3ncurses.html</file>
<file>mvwaddchstr.3ncurses.html</file>
<file>mvwaddnstr.3ncurses.html</file>
<file>mvwaddnwstr.3ncurses.html</file>
<file>mvwaddstr.3ncurses.html</file>
<file>mvwadd_wch.3ncurses.html</file>
<file>mvwadd_wchnstr.3ncurses.html</file>
<file>mvwadd_wchstr.3ncurses.html</file>
<file>mvwaddwstr.3ncurses.html</file>
<file>mvwchgat.3ncurses.html</file>
<file>mvwdelch.3ncurses.html</file>
<file>mvwgetch.3ncurses.html</file>
<file>mvwgetnstr.3ncurses.html</file>
<file>mvwgetn_wstr.3ncurses.html</file>
<file>mvwgetstr.3ncurses.html</file>
<file>mvwget_wch.3ncurses.html</file>
<file>mvwget_wstr.3ncurses.html</file>
<file>mvwhline.3ncurses.html</file>
<file>mvwhline_set.3ncurses.html</file>
<file>mvwin.3ncurses.html</file>
<file>mvwinch.3ncurses.html</file>
<file>mvwinchnstr.3ncurses.html</file>
<file>mvwinchstr.3ncurses.html</file>
<file>mvwinnstr.3ncurses.html</file>
<file>mvwinnwstr.3ncurses.html</file>
<file>mvwinsch.3ncurses.html</file>
<file>mvwinsnstr.3ncurses.html</file>
<file>mvwins_nwstr.3ncurses.html</file>
<file>mvwinsstr.3ncurses.html</file>
<file>mvwinstr.3ncurses.html</file>
<file>mvwins_wch.3ncurses.html</file>
<file>mvwins_wstr.3ncurses.html</file>
<file>mvwin_wch.3ncurses.html</file>
<file>mvwin_wchnstr.3ncurses.html</file>
<file>mvwin_wchstr.3ncurses.html</file>
<file>mvwinwstr.3ncurses.html</file>
<file>mvwprintw.3ncurses.html</file>
<file>mvwscanw.3ncurses.html</file>
<file>mvwvline.3ncurses.html</file>
<file>mvwvline_set.3ncurses.html</file>
<file>napms.3ncurses.html</file>
<file>napms_sp.3ncurses.html</file>
<file>_nc_freeall.3ncurses.html</file>
<file>_nc_free_and_exit.3ncurses.html</file>
<file>_nc_tracebits.3ncurses.html</file>
<file>ncurses.3ncurses.html</file>
<file>new_form_sp.3ncurses.html</file>
<file>new_menu_sp.3ncurses.html</file>
<file>newpad.3ncurses.html</file>
<file>newpad_sp.3ncurses.html</file>
<file>new_prescr.3ncurses.html</file>
<file>newscr.3ncurses.html</file>
<file>newterm.3ncurses.html</file>
<file>newterm_sp.3ncurses.html</file>
<file>newwin.3ncurses.html</file>
<file>newwin_sp.3ncurses.html</file>
<file>nl.3ncurses.html</file>
<file>nl_sp.3ncurses.html</file>
<file>nocbreak.3ncurses.html</file>
<file>nocbreak_sp.3ncurses.html</file>
<file>nodelay.3ncurses.html</file>
<file>noecho.3ncurses.html</file>
<file>noecho_sp.3ncurses.html</file>
<file>nofilter.3ncurses.html</file>
<file>nofilter_sp.3ncurses.html</file>
<file>nonl.3ncurses.html</file>
<file>nonl_sp.3ncurses.html</file>
<file>noqiflush.3ncurses.html</file>
<file>noqiflush_sp.3ncurses.html</file>
<file>noraw.3ncurses.html</file>
<file>noraw_sp.3ncurses.html</file>
<file>notimeout.3ncurses.html</file>
<file>numcodes.3ncurses.html</file>
<file>numfnames.3ncurses.html</file>
<file>numnames.3ncurses.html</file>
<file>opaque.3ncurses.html</file>
<file>ospeed.3ncurses.html</file>
<file>outopts.3ncurses.html</file>
<file>overlay.3ncurses.html</file>
<file>overwrite.3ncurses.html</file>
<file>pad.3ncurses.html</file>
<file>pair_content.3ncurses.html</file>
<file>pair_content_sp.3ncurses.html</file>
<file>PAIR_NUMBER.3ncurses.html</file>
<file>PC.3ncurses.html</file>
<file>pechochar.3ncurses.html</file>
<file>pecho_wchar.3ncurses.html</file>
<file>pnoutrefresh.3ncurses.html</file>
<file>prefresh.3ncurses.html</file>
<file>print.3ncurses.html</file>
<file>printw.3ncurses.html</file>
<file>putp.3ncurses.html</file>
<file>putp_sp.3ncurses.html</file>
<file>putwin.3ncurses.html</file>
<file>qiflush.3ncurses.html</file>
<file>qiflush_sp.3ncurses.html</file>
<file>raw.3ncurses.html</file>
<file>raw_sp.3ncurses.html</file>
<file>redrawwin.3ncurses.html</file>
<file>refresh.3ncurses.html</file>
<file>reset_prog_mode.3ncurses.html</file>
<file>reset_prog_mode_sp.3ncurses.html</file>
<file>reset_shell_mode.3ncurses.html</file>
<file>reset_shell_mode_sp.3ncurses.html</file>
<file>resetty.3ncurses.html</file>
<file>resetty_sp.3ncurses.html</file>
<file>resize_term.3ncurses.html</file>
<file>resizeterm.3ncurses.html</file>
<file>resize_term_sp.3ncurses.html</file>
<file>resizeterm_sp.3ncurses.html</file>
<file>restartterm.3ncurses.html</file>
<file>restartterm_sp.3ncurses.html</file>
<file>ripoffline.3ncurses.html</file>
<file>ripoffline_sp.3ncurses.html</file>
<file>savetty.3ncurses.html</file>
<file>savetty_sp.3ncurses.html</file>
<file>scanw.3ncurses.html</file>
<file>scr_dump.3ncurses.html</file>
<file>scr_init.3ncurses.html</file>
<file>scr_init_sp.3ncurses.html</file>
<file>scrl.3ncurses.html</file>
<file>scroll.3ncurses.html</file>
<file>scrollok.3ncurses.html</file>
<file>scr_restore.3ncurses.html</file>
<file>scr_restore_sp.3ncurses.html</file>
<file>scr_set.3ncurses.html</file>
<file>scr_set_sp.3ncurses.html</file>
<file>setcchar.3ncurses.html</file>
<file>set_curterm.3ncurses.html</file>
<file>set_curterm_sp.3ncurses.html</file>
<file>set_escdelay.3ncurses.html</file>
<file>set_escdelay_sp.3ncurses.html</file>
<file>setscrreg.3ncurses.html</file>
<file>setsyx.3ncurses.html</file>
<file>set_tabsize.3ncurses.html</file>
<file>set_tabsize_sp.3ncurses.html</file>
<file>set_term.3ncurses.html</file>
<file>setterm.3ncurses.html</file>
<file>setupterm.3ncurses.html</file>
<file>slk.3ncurses.html</file>
<file>slk_attr.3ncurses.html</file>
<file>slk_attr_off.3ncurses.html</file>
<file>slk_attroff.3ncurses.html</file>
<file>slk_attroff_sp.3ncurses.html</file>
<file>slk_attr_on.3ncurses.html</file>
<file>slk_attron.3ncurses.html</file>
<file>slk_attron_sp.3ncurses.html</file>
<file>slk_attr_set.3ncurses.html</file>
<file>slk_attrset.3ncurses.html</file>
<file>slk_attr_set_sp.3ncurses.html</file>
<file>slk_attrset_sp.3ncurses.html</file>
<file>slk_attr_sp.3ncurses.html</file>
<file>slk_clear.3ncurses.html</file>
<file>slk_clear_sp.3ncurses.html</file>
<file>slk_color.3ncurses.html</file>
<file>slk_color_sp.3ncurses.html</file>
<file>slk_init.3ncurses.html</file>
<file>slk_init_sp.3ncurses.html</file>
<file>slk_label.3ncurses.html</file>
<file>slk_label_sp.3ncurses.html</file>
<file>slk_noutrefresh.3ncurses.html</file>
<file>slk_noutrefresh_sp.3ncurses.html</file>
<file>slk_refresh.3ncurses.html</file>
<file>slk_refresh_sp.3ncurses.html</file>
<file>slk_restore.3ncurses.html</file>
<file>slk_restore_sp.3ncurses.html</file>
<file>slk_set.3ncurses.html</file>
<file>slk_set_sp.3ncurses.html</file>
<file>slk_touch.3ncurses.html</file>
<file>slk_touch_sp.3ncurses.html</file>
<file>slk_wset.3ncurses.html</file>
<file>SP.3ncurses.html</file>
<file>sp_funcs.3ncurses.html</file>
<file>standend.3ncurses.html</file>
<file>standout.3ncurses.html</file>
<file>start_color.3ncurses.html</file>
<file>start_color_sp.3ncurses.html</file>
<file>stdscr.3ncurses.html</file>
<file>strcodes.3ncurses.html</file>
<file>strfnames.3ncurses.html</file>
<file>strnames.3ncurses.html</file>
<file>subpad.3ncurses.html</file>
<file>subwin.3ncurses.html</file>
<file>syncok.3ncurses.html</file>
<file>TABSIZE.3ncurses.html</file>
<file>term_attrs.3ncurses.html</file>
<file>termattrs.3ncurses.html</file>
<file>term_attrs_sp.3ncurses.html</file>
<file>termattrs_sp.3ncurses.html</file>
<file>termcap.3ncurses.html</file>
<file>terminfo.3ncurses.html</file>
<file>terminfo_variables.3ncurses.html</file>
<file>termname.3ncurses.html</file>
<file>termname_sp.3ncurses.html</file>
<file>tgetent.3ncurses.html</file>
<file>tgetent_sp.3ncurses.html</file>
<file>tgetflag.3ncurses.html</file>
<file>tgetflag_sp.3ncurses.html</file>
<file>tgetnum.3ncurses.html</file>
<file>tgetnum_sp.3ncurses.html</file>
<file>tgetstr.3ncurses.html</file>
<file>tgetstr_sp.3ncurses.html</file>
<file>tgoto.3ncurses.html</file>
<file>threads.3ncurses.html</file>
<file>tigetflag.3ncurses.html</file>
<file>tigetflag_sp.3ncurses.html</file>
<file>tigetnum.3ncurses.html</file>
<file>tigetnum_sp.3ncurses.html</file>
<file>tigetstr.3ncurses.html</file>
<file>tigetstr_sp.3ncurses.html</file>
<file>timeout.3ncurses.html</file>
<file>tiparm.3ncurses.html</file>
<file>touch.3ncurses.html</file>
<file>touchline.3ncurses.html</file>
<file>touchwin.3ncurses.html</file>
<file>tparm.3ncurses.html</file>
<file>tputs.3ncurses.html</file>
<file>tputs_sp.3ncurses.html</file>
<file>trace.3ncurses.html</file>
<file>_traceattr2.3ncurses.html</file>
<file>_traceattr.3ncurses.html</file>
<file>_tracecchar_t2.3ncurses.html</file>
<file>_tracecchar_t.3ncurses.html</file>
<file>_tracechar.3ncurses.html</file>
<file>_tracechtype2.3ncurses.html</file>
<file>_tracechtype.3ncurses.html</file>
<file>_tracedump.3ncurses.html</file>
<file>_tracef.3ncurses.html</file>
<file>_tracemouse.3ncurses.html</file>
<file>ttytype.3ncurses.html</file>
<file>typeahead.3ncurses.html</file>
<file>typeahead_sp.3ncurses.html</file>
<file>unctrl.3ncurses.html</file>
<file>unctrl_sp.3ncurses.html</file>
<file>ungetch.3ncurses.html</file>
<file>ungetch_sp.3ncurses.html</file>
<file>ungetmouse.3ncurses.html</file>
<file>ungetmouse_sp.3ncurses.html</file>
<file>unget_wch.3ncurses.html</file>
<file>unget_wch_sp.3ncurses.html</file>
<file>untouchwin.3ncurses.html</file>
<file>UP.3ncurses.html</file>
<file>update_panels_sp.3ncurses.html</file>
<file>use_default_colors.3ncurses.html</file>
<file>use_default_colors_sp.3ncurses.html</file>
<file>use_env.3ncurses.html</file>
<file>use_env_sp.3ncurses.html</file>
<file>use_extended_names.3ncurses.html</file>
<file>use_legacy_coding.3ncurses.html</file>
<file>use_legacy_coding_sp.3ncurses.html</file>
<file>use_screen.3ncurses.html</file>
<file>use_tioctl.3ncurses.html</file>
<file>use_window.3ncurses.html</file>
<file>util.3ncurses.html</file>
<file>vid_attr.3ncurses.html</file>
<file>vidattr.3ncurses.html</file>
<file>vid_attr_sp.3ncurses.html</file>
<file>vidattr_sp.3ncurses.html</file>
<file>vid_puts.3ncurses.html</file>
<file>vidputs.3ncurses.html</file>
<file>vid_puts_sp.3ncurses.html</file>
<file>vidputs_sp.3ncurses.html</file>
<file>vline.3ncurses.html</file>
<file>vline_set.3ncurses.html</file>
<file>vw_printw.3ncurses.html</file>
<file>vwprintw.3ncurses.html</file>
<file>vw_scanw.3ncurses.html</file>
<file>vwscanw.3ncurses.html</file>
<file>waddch.3ncurses.html</file>
<file>waddchnstr.3ncurses.html</file>
<file>waddchstr.3ncurses.html</file>
<file>waddnstr.3ncurses.html</file>
<file>waddnwstr.3ncurses.html</file>
<file>waddstr.3ncurses.html</file>
<file>wadd_wch.3ncurses.html</file>
<file>wadd_wchnstr.3ncurses.html</file>
<file>wadd_wchstr.3ncurses.html</file>
<file>waddwstr.3ncurses.html</file>
<file>wattr_get.3ncurses.html</file>
<file>wattr_off.3ncurses.html</file>
<file>wattroff.3ncurses.html</file>
<file>wattr_on.3ncurses.html</file>
<file>wattron.3ncurses.html</file>
<file>wattr_set.3ncurses.html</file>
<file>wattrset.3ncurses.html</file>
<file>wbkgd.3ncurses.html</file>
<file>wbkgdset.3ncurses.html</file>
<file>wbkgrnd.3ncurses.html</file>
<file>wbkgrndset.3ncurses.html</file>
<file>wborder.3ncurses.html</file>
<file>wborder_set.3ncurses.html</file>
<file>wchgat.3ncurses.html</file>
<file>wclear.3ncurses.html</file>
<file>wclrtobot.3ncurses.html</file>
<file>wclrtoeol.3ncurses.html</file>
<file>wcolor_set.3ncurses.html</file>
<file>wcursyncup.3ncurses.html</file>
<file>wdelch.3ncurses.html</file>
<file>wdeleteln.3ncurses.html</file>
<file>wechochar.3ncurses.html</file>
<file>wecho_wchar.3ncurses.html</file>
<file>wenclose.3ncurses.html</file>
<file>werase.3ncurses.html</file>
<file>wgetbkgrnd.3ncurses.html</file>
<file>wgetch.3ncurses.html</file>
<file>wgetnstr.3ncurses.html</file>
<file>wgetn_wstr.3ncurses.html</file>
<file>wgetparent.3ncurses.html</file>
<file>wgetscrreg.3ncurses.html</file>
<file>wgetstr.3ncurses.html</file>
<file>wget_wch.3ncurses.html</file>
<file>wget_wstr.3ncurses.html</file>
<file>whline.3ncurses.html</file>
<file>whline_set.3ncurses.html</file>
<file>winch.3ncurses.html</file>
<file>winchnstr.3ncurses.html</file>
<file>winchstr.3ncurses.html</file>
<file>window.3ncurses.html</file>
<file>winnstr.3ncurses.html</file>
<file>winnwstr.3ncurses.html</file>
<file>winsch.3ncurses.html</file>
<file>winsdelln.3ncurses.html</file>
<file>winsertln.3ncurses.html</file>
<file>winsnstr.3ncurses.html</file>
<file>wins_nwstr.3ncurses.html</file>
<file>winsstr.3ncurses.html</file>
<file>winstr.3ncurses.html</file>
<file>wins_wch.3ncurses.html</file>
<file>wins_wstr.3ncurses.html</file>
<file>win_wch.3ncurses.html</file>
<file>win_wchnstr.3ncurses.html</file>
<file>win_wchstr.3ncurses.html</file>
<file>winwstr.3ncurses.html</file>
<file>wmouse_trafo.3ncurses.html</file>
<file>wmove.3ncurses.html</file>
<file>wnoutrefresh.3ncurses.html</file>
<file>wprintw.3ncurses.html</file>
<file>wredrawln.3ncurses.html</file>
<file>wrefresh.3ncurses.html</file>
<file>wresize.3ncurses.html</file>
<file>wscanw.3ncurses.html</file>
<file>wscrl.3ncurses.html</file>
<file>wsetscrreg.3ncurses.html</file>
<file>wstandend.3ncurses.html</file>
<file>wstandout.3ncurses.html</file>
<file>wsyncdown.3ncurses.html</file>
<file>wsyncup.3ncurses.html</file>
<file>wtimeout.3ncurses.html</file>
<file>wtouchln.3ncurses.html</file>
<file>wunctrl.3ncurses.html</file>
<file>wunctrl_sp.3ncurses.html</file>
<file>wvline.3ncurses.html</file>
<file>wvline_set.3ncurses.html</file>
