<keyword name="acs_map" ref="acs_map.3ncurses.html" id="acs_map"/>
<keyword name="addch" ref="addch.3ncurses.html" id="addch"/>
<keyword name="addchnstr" ref="addchnstr.3ncurses.html" id="addchnstr"/>
<keyword name="addchstr" ref="addchstr.3ncurses.html" id="addchstr"/>
<keyword name="addnstr" ref="addnstr.3ncurses.html" id="addnstr"/>
<keyword name="addnwstr" ref="addnwstr.3ncurses.html" id="addnwstr"/>
<keyword name="addstr" ref="addstr.3ncurses.html" id="addstr"/>
<keyword name="add_wch" ref="add_wch.3ncurses.html" id="add_wch"/>
<keyword name="add_wchnstr" ref="add_wchnstr.3ncurses.html" id="add_wchnstr"/>
<keyword name="add_wchstr" ref="add_wchstr.3ncurses.html" id="add_wchstr"/>
<keyword name="addwstr" ref="addwstr.3ncurses.html" id="addwstr"/>
<keyword name="assume_default_colors" ref="assume_default_colors.3ncurses.html" id="assume_default_colors"/>
<keyword name="assume_default_colors_sp" ref="assume_default_colors_sp.3ncurses.html" id="assume_default_colors_sp"/>
<keyword name="attr" ref="attr.3ncurses.html" id="attr"/>
<keyword name="attr_get" ref="attr_get.3ncurses.html" id="attr_get"/>
<keyword name="attr_off" ref="attr_off.3ncurses.html" id="attr_off"/>
<keyword name="attroff" ref="attroff.3ncurses.html" id="attroff"/>
<keyword name="attr_on" ref="attr_on.3ncurses.html" id="attr_on"/>
<keyword name="attron" ref="attron.3ncurses.html" id="attron"/>
<keyword name="attr_set" ref="attr_set.3ncurses.html" id="attr_set"/>
<keyword name="attrset" ref="attrset.3ncurses.html" id="attrset"/>
<keyword name="baudrate" ref="baudrate.3ncurses.html" id="baudrate"/>
<keyword name="baudrate_sp" ref="baudrate_sp.3ncurses.html" id="baudrate_sp"/>
<keyword name="BC" ref="BC.3ncurses.html" id="BC"/>
<keyword name="beep" ref="beep.3ncurses.html" id="beep"/>
<keyword name="beep_sp" ref="beep_sp.3ncurses.html" id="beep_sp"/>
<keyword name="bkgd" ref="bkgd.3ncurses.html" id="bkgd"/>
<keyword name="bkgdset" ref="bkgdset.3ncurses.html" id="bkgdset"/>
<keyword name="bkgrnd" ref="bkgrnd.3ncurses.html" id="bkgrnd"/>
<keyword name="bkgrndset" ref="bkgrndset.3ncurses.html" id="bkgrndset"/>
<keyword name="boolcodes" ref="boolcodes.3ncurses.html" id="boolcodes"/>
<keyword name="boolfnames" ref="boolfnames.3ncurses.html" id="boolfnames"/>
<keyword name="boolnames" ref="boolnames.3ncurses.html" id="boolnames"/>
<keyword name="border" ref="border.3ncurses.html" id="border"/>
<keyword name="border_set" ref="border_set.3ncurses.html" id="border_set"/>
<keyword name="box" ref="box.3ncurses.html" id="box"/>
<keyword name="box_set" ref="box_set.3ncurses.html" id="box_set"/>
<keyword name="can_change_color" ref="can_change_color.3ncurses.html" id="can_change_color"/>
<keyword name="can_change_color_sp" ref="can_change_color_sp.3ncurses.html" id="can_change_color_sp"/>
<keyword name="cbreak" ref="cbreak.3ncurses.html" id="cbreak"/>
<keyword name="cbreak_sp" ref="cbreak_sp.3ncurses.html" id="cbreak_sp"/>
<keyword name="ceiling_panel" ref="ceiling_panel.3ncurses.html" id="ceiling_panel"/>
<keyword name="chgat" ref="chgat.3ncurses.html" id="chgat"/>
<keyword name="clear" ref="clear.3ncurses.html" id="clear"/>
<keyword name="clearok" ref="clearok.3ncurses.html" id="clearok"/>
<keyword name="clrtobot" ref="clrtobot.3ncurses.html" id="clrtobot"/>
<keyword name="clrtoeol" ref="clrtoeol.3ncurses.html" id="clrtoeol"/>
<keyword name="color" ref="color.3ncurses.html" id="color"/>
<keyword name="color_content" ref="color_content.3ncurses.html" id="color_content"/>
<keyword name="color_content_sp" ref="color_content_sp.3ncurses.html" id="color_content_sp"/>
<keyword name="COLOR_PAIR" ref="COLOR_PAIR.3ncurses.html" id="COLOR_PAIR"/>
<keyword name="COLOR_PAIRS" ref="COLOR_PAIRS.3ncurses.html" id="COLOR_PAIRS"/>
<keyword name="COLORS" ref="COLORS.3ncurses.html" id="COLORS"/>
<keyword name="color_set" ref="color_set.3ncurses.html" id="color_set"/>
<keyword name="COLS" ref="COLS.3ncurses.html" id="COLS"/>
<keyword name="copywin" ref="copywin.3ncurses.html" id="copywin"/>
<keyword name="curscr" ref="curscr.3ncurses.html" id="curscr"/>
<keyword name="curses_variables" ref="curses_variables.3ncurses.html" id="curses_variables"/>
<keyword name="curses_version" ref="curses_version.3ncurses.html" id="curses_version"/>
<keyword name="curs_set" ref="curs_set.3ncurses.html" id="curs_set"/>
<keyword name="curs_set_sp" ref="curs_set_sp.3ncurses.html" id="curs_set_sp"/>
<keyword name="cur_term" ref="cur_term.3ncurses.html" id="cur_term"/>
<keyword name="default_colors" ref="default_colors.3ncurses.html" id="default_colors"/>
<keyword name="define_key" ref="define_key.3ncurses.html" id="define_key"/>
<keyword name="define_key_sp" ref="define_key_sp.3ncurses.html" id="define_key_sp"/>
<keyword name="def_prog_mode" ref="def_prog_mode.3ncurses.html" id="def_prog_mode"/>
<keyword name="def_prog_mode_sp" ref="def_prog_mode_sp.3ncurses.html" id="def_prog_mode_sp"/>
<keyword name="def_shell_mode" ref="def_shell_mode.3ncurses.html" id="def_shell_mode"/>
<keyword name="def_shell_mode_sp" ref="def_shell_mode_sp.3ncurses.html" id="def_shell_mode_sp"/>
<keyword name="delay_output" ref="delay_output.3ncurses.html" id="delay_output"/>
<keyword name="delay_output_sp" ref="delay_output_sp.3ncurses.html" id="delay_output_sp"/>
<keyword name="delch" ref="delch.3ncurses.html" id="delch"/>
<keyword name="del_curterm" ref="del_curterm.3ncurses.html" id="del_curterm"/>
<keyword name="del_curterm_sp" ref="del_curterm_sp.3ncurses.html" id="del_curterm_sp"/>
<keyword name="deleteln" ref="deleteln.3ncurses.html" id="deleteln"/>
<keyword name="delscreen" ref="delscreen.3ncurses.html" id="delscreen"/>
<keyword name="delwin" ref="delwin.3ncurses.html" id="delwin"/>
<keyword name="derwin" ref="derwin.3ncurses.html" id="derwin"/>
<keyword name="doupdate" ref="doupdate.3ncurses.html" id="doupdate"/>
<keyword name="doupdate_sp" ref="doupdate_sp.3ncurses.html" id="doupdate_sp"/>
<keyword name="dupwin" ref="dupwin.3ncurses.html" id="dupwin"/>
<keyword name="echo" ref="echo.3ncurses.html" id="echo"/>
<keyword name="echochar" ref="echochar.3ncurses.html" id="echochar"/>
<keyword name="echo_sp" ref="echo_sp.3ncurses.html" id="echo_sp"/>
<keyword name="echo_wchar" ref="echo_wchar.3ncurses.html" id="echo_wchar"/>
<keyword name="endwin" ref="endwin.3ncurses.html" id="endwin"/>
<keyword name="endwin_sp" ref="endwin_sp.3ncurses.html" id="endwin_sp"/>
<keyword name="erase" ref="erase.3ncurses.html" id="erase"/>
<keyword name="erasechar" ref="erasechar.3ncurses.html" id="erasechar"/>
<keyword name="erasechar_sp" ref="erasechar_sp.3ncurses.html" id="erasechar_sp"/>
<keyword name="erasewchar" ref="erasewchar.3ncurses.html" id="erasewchar"/>
<keyword name="ESCDELAY" ref="ESCDELAY.3ncurses.html" id="ESCDELAY"/>
<keyword name="extensions" ref="extensions.3ncurses.html" id="extensions"/>
<keyword name="filter" ref="filter.3ncurses.html" id="filter"/>
<keyword name="filter_sp" ref="filter_sp.3ncurses.html" id="filter_sp"/>
<keyword name="flash" ref="flash.3ncurses.html" id="flash"/>
<keyword name="flash_sp" ref="flash_sp.3ncurses.html" id="flash_sp"/>
<keyword name="flushinp" ref="flushinp.3ncurses.html" id="flushinp"/>
<keyword name="flushinp_sp" ref="flushinp_sp.3ncurses.html" id="flushinp_sp"/>
<keyword name="getattrs" ref="getattrs.3ncurses.html" id="getattrs"/>
<keyword name="getbegx" ref="getbegx.3ncurses.html" id="getbegx"/>
<keyword name="getbegy" ref="getbegy.3ncurses.html" id="getbegy"/>
<keyword name="getbegyx" ref="getbegyx.3ncurses.html" id="getbegyx"/>
<keyword name="getbkgd" ref="getbkgd.3ncurses.html" id="getbkgd"/>
<keyword name="getbkgrnd" ref="getbkgrnd.3ncurses.html" id="getbkgrnd"/>
<keyword name="getcchar" ref="getcchar.3ncurses.html" id="getcchar"/>
<keyword name="getch" ref="getch.3ncurses.html" id="getch"/>
<keyword name="getcurx" ref="getcurx.3ncurses.html" id="getcurx"/>
<keyword name="getcury" ref="getcury.3ncurses.html" id="getcury"/>
<keyword name="get_escdelay" ref="get_escdelay.3ncurses.html" id="get_escdelay"/>
<keyword name="get_escdelay_sp" ref="get_escdelay_sp.3ncurses.html" id="get_escdelay_sp"/>
<keyword name="getmaxx" ref="getmaxx.3ncurses.html" id="getmaxx"/>
<keyword name="getmaxy" ref="getmaxy.3ncurses.html" id="getmaxy"/>
<keyword name="getmaxyx" ref="getmaxyx.3ncurses.html" id="getmaxyx"/>
<keyword name="getmouse" ref="getmouse.3ncurses.html" id="getmouse"/>
<keyword name="getmouse_sp" ref="getmouse_sp.3ncurses.html" id="getmouse_sp"/>
<keyword name="getnstr" ref="getnstr.3ncurses.html" id="getnstr"/>
<keyword name="getn_wstr" ref="getn_wstr.3ncurses.html" id="getn_wstr"/>
<keyword name="getparx" ref="getparx.3ncurses.html" id="getparx"/>
<keyword name="getpary" ref="getpary.3ncurses.html" id="getpary"/>
<keyword name="getparyx" ref="getparyx.3ncurses.html" id="getparyx"/>
<keyword name="getstr" ref="getstr.3ncurses.html" id="getstr"/>
<keyword name="getsyx" ref="getsyx.3ncurses.html" id="getsyx"/>
<keyword name="get_wch" ref="get_wch.3ncurses.html" id="get_wch"/>
<keyword name="getwin" ref="getwin.3ncurses.html" id="getwin"/>
<keyword name="getwin_sp" ref="getwin_sp.3ncurses.html" id="getwin_sp"/>
<keyword name="get_wstr" ref="get_wstr.3ncurses.html" id="get_wstr"/>
<keyword name="getyx" ref="getyx.3ncurses.html" id="getyx"/>
<keyword name="ground_panel" ref="ground_panel.3ncurses.html" id="ground_panel"/>
<keyword name="halfdelay" ref="halfdelay.3ncurses.html" id="halfdelay"/>
<keyword name="halfdelay_sp" ref="halfdelay_sp.3ncurses.html" id="halfdelay_sp"/>
<keyword name="has_colors" ref="has_colors.3ncurses.html" id="has_colors"/>
<keyword name="has_colors_sp" ref="has_colors_sp.3ncurses.html" id="has_colors_sp"/>
<keyword name="has_ic" ref="has_ic.3ncurses.html" id="has_ic"/>
<keyword name="has_ic_sp" ref="has_ic_sp.3ncurses.html" id="has_ic_sp"/>
<keyword name="has_il" ref="has_il.3ncurses.html" id="has_il"/>
<keyword name="has_il_sp" ref="has_il_sp.3ncurses.html" id="has_il_sp"/>
<keyword name="has_key" ref="has_key.3ncurses.html" id="has_key"/>
<keyword name="has_key_sp" ref="has_key_sp.3ncurses.html" id="has_key_sp"/>
<keyword name="has_mouse" ref="has_mouse.3ncurses.html" id="has_mouse"/>
<keyword name="has_mouse_sp" ref="has_mouse_sp.3ncurses.html" id="has_mouse_sp"/>
<keyword name="hline" ref="hline.3ncurses.html" id="hline"/>
<keyword name="hline_set" ref="hline_set.3ncurses.html" id="hline_set"/>
<keyword name="idcok" ref="idcok.3ncurses.html" id="idcok"/>
<keyword name="idlok" ref="idlok.3ncurses.html" id="idlok"/>
<keyword name="immedok" ref="immedok.3ncurses.html" id="immedok"/>
<keyword name="inch" ref="inch.3ncurses.html" id="inch"/>
<keyword name="inchnstr" ref="inchnstr.3ncurses.html" id="inchnstr"/>
<keyword name="inchstr" ref="inchstr.3ncurses.html" id="inchstr"/>
<keyword name="init_color" ref="init_color.3ncurses.html" id="init_color"/>
<keyword name="init_color_sp" ref="init_color_sp.3ncurses.html" id="init_color_sp"/>
<keyword name="init_pair" ref="init_pair.3ncurses.html" id="init_pair"/>
<keyword name="init_pair_sp" ref="init_pair_sp.3ncurses.html" id="init_pair_sp"/>
<keyword name="initscr" ref="initscr.3ncurses.html" id="initscr"/>
<keyword name="innstr" ref="innstr.3ncurses.html" id="innstr"/>
<keyword name="innwstr" ref="innwstr.3ncurses.html" id="innwstr"/>
<keyword name="inopts" ref="inopts.3ncurses.html" id="inopts"/>
<keyword name="insch" ref="insch.3ncurses.html" id="insch"/>
<keyword name="insdelln" ref="insdelln.3ncurses.html" id="insdelln"/>
<keyword name="insertln" ref="insertln.3ncurses.html" id="insertln"/>
<keyword name="insnstr" ref="insnstr.3ncurses.html" id="insnstr"/>
<keyword name="ins_nwstr" ref="ins_nwstr.3ncurses.html" id="ins_nwstr"/>
<keyword name="insstr" ref="insstr.3ncurses.html" id="insstr"/>
<keyword name="instr" ref="instr.3ncurses.html" id="instr"/>
<keyword name="ins_wch" ref="ins_wch.3ncurses.html" id="ins_wch"/>
<keyword name="ins_wstr" ref="ins_wstr.3ncurses.html" id="ins_wstr"/>
<keyword name="intrflush" ref="intrflush.3ncurses.html" id="intrflush"/>
<keyword name="intrflush_sp" ref="intrflush_sp.3ncurses.html" id="intrflush_sp"/>
<keyword name="in_wch" ref="in_wch.3ncurses.html" id="in_wch"/>
<keyword name="in_wchnstr" ref="in_wchnstr.3ncurses.html" id="in_wchnstr"/>
<keyword name="in_wchstr" ref="in_wchstr.3ncurses.html" id="in_wchstr"/>
<keyword name="inwstr" ref="inwstr.3ncurses.html" id="inwstr"/>
<keyword name="is_cleared" ref="is_cleared.3ncurses.html" id="is_cleared"/>
<keyword name="isendwin" ref="isendwin.3ncurses.html" id="isendwin"/>
<keyword name="isendwin_sp" ref="isendwin_sp.3ncurses.html" id="isendwin_sp"/>
<keyword name="is_idcok" ref="is_idcok.3ncurses.html" id="is_idcok"/>
<keyword name="is_idlok" ref="is_idlok.3ncurses.html" id="is_idlok"/>
<keyword name="is_immedok" ref="is_immedok.3ncurses.html" id="is_immedok"/>
<keyword name="is_keypad" ref="is_keypad.3ncurses.html" id="is_keypad"/>
<keyword name="is_leaveok" ref="is_leaveok.3ncurses.html" id="is_leaveok"/>
<keyword name="is_linetouched" ref="is_linetouched.3ncurses.html" id="is_linetouched"/>
<keyword name="is_nodelay" ref="is_nodelay.3ncurses.html" id="is_nodelay"/>
<keyword name="is_notimeout" ref="is_notimeout.3ncurses.html" id="is_notimeout"/>
<keyword name="is_pad" ref="is_pad.3ncurses.html" id="is_pad"/>
<keyword name="is_scrollok" ref="is_scrollok.3ncurses.html" id="is_scrollok"/>
<keyword name="is_subwin" ref="is_subwin.3ncurses.html" id="is_subwin"/>
<keyword name="is_syncok" ref="is_syncok.3ncurses.html" id="is_syncok"/>
<keyword name="is_term_resized" ref="is_term_resized.3ncurses.html" id="is_term_resized"/>
<keyword name="is_term_resized_sp" ref="is_term_resized_sp.3ncurses.html" id="is_term_resized_sp"/>
<keyword name="is_wintouched" ref="is_wintouched.3ncurses.html" id="is_wintouched"/>
<keyword name="kernel" ref="kernel.3ncurses.html" id="kernel"/>
<keyword name="keybound" ref="keybound.3ncurses.html" id="keybound"/>
<keyword name="keybound_sp" ref="keybound_sp.3ncurses.html" id="keybound_sp"/>
<keyword name="key_defined" ref="key_defined.3ncurses.html" id="key_defined"/>
<keyword name="key_defined_sp" ref="key_defined_sp.3ncurses.html" id="key_defined_sp"/>
<keyword name="key_name" ref="key_name.3ncurses.html" id="key_name"/>
<keyword name="keyname" ref="keyname.3ncurses.html" id="keyname"/>
<keyword name="keyname_sp" ref="keyname_sp.3ncurses.html" id="keyname_sp"/>
<keyword name="keyok" ref="keyok.3ncurses.html" id="keyok"/>
<keyword name="keyok_sp" ref="keyok_sp.3ncurses.html" id="keyok_sp"/>
<keyword name="keypad" ref="keypad.3ncurses.html" id="keypad"/>
<keyword name="killchar" ref="killchar.3ncurses.html" id="killchar"/>
<keyword name="killchar_sp" ref="killchar_sp.3ncurses.html" id="killchar_sp"/>
<keyword name="killwchar" ref="killwchar.3ncurses.html" id="killwchar"/>
<keyword name="leaveok" ref="leaveok.3ncurses.html" id="leaveok"/>
<keyword name="legacy" ref="legacy.3ncurses.html" id="legacy"/>
<keyword name="legacy_coding" ref="legacy_coding.3ncurses.html" id="legacy_coding"/>
<keyword name="LINES" ref="LINES.3ncurses.html" id="LINES"/>
<keyword name="longname" ref="longname.3ncurses.html" id="longname"/>
<keyword name="mcprint" ref="mcprint.3ncurses.html" id="mcprint"/>
<keyword name="mcprint_sp" ref="mcprint_sp.3ncurses.html" id="mcprint_sp"/>
<keyword name="memleaks" ref="memleaks.3ncurses.html" id="memleaks"/>
<keyword name="meta" ref="meta.3ncurses.html" id="meta"/>
<keyword name="mouse" ref="mouse.3ncurses.html" id="mouse"/>
<keyword name="mouseinterval" ref="mouseinterval.3ncurses.html" id="mouseinterval"/>
<keyword name="mouseinterval_sp" ref="mouseinterval_sp.3ncurses.html" id="mouseinterval_sp"/>
<keyword name="mousemask" ref="mousemask.3ncurses.html" id="mousemask"/>
<keyword name="mousemask_sp" ref="mousemask_sp.3ncurses.html" id="mousemask_sp"/>
<keyword name="mouse_trafo" ref="mouse_trafo.3ncurses.html" id="mouse_trafo"/>
<keyword name="move" ref="move.3ncurses.html" id="move"/>
<keyword name="mvaddch" ref="mvaddch.3ncurses.html" id="mvaddch"/>
<keyword name="mvaddchnstr" ref="mvaddchnstr.3ncurses.html" id="mvaddchnstr"/>
<keyword name="mvaddchstr" ref="mvaddchstr.3ncurses.html" id="mvaddchstr"/>
<keyword name="mvaddnstr" ref="mvaddnstr.3ncurses.html" id="mvaddnstr"/>
<keyword name="mvaddnwstr" ref="mvaddnwstr.3ncurses.html" id="mvaddnwstr"/>
<keyword name="mvaddstr" ref="mvaddstr.3ncurses.html" id="mvaddstr"/>
<keyword name="mvadd_wch" ref="mvadd_wch.3ncurses.html" id="mvadd_wch"/>
<keyword name="mvadd_wchnstr" ref="mvadd_wchnstr.3ncurses.html" id="mvadd_wchnstr"/>
<keyword name="mvadd_wchstr" ref="mvadd_wchstr.3ncurses.html" id="mvadd_wchstr"/>
<keyword name="mvaddwstr" ref="mvaddwstr.3ncurses.html" id="mvaddwstr"/>
<keyword name="mvchgat" ref="mvchgat.3ncurses.html" id="mvchgat"/>
<keyword name="mvcur" ref="mvcur.3ncurses.html" id="mvcur"/>
<keyword name="mvcur_sp" ref="mvcur_sp.3ncurses.html" id="mvcur_sp"/>
<keyword name="mvdelch" ref="mvdelch.3ncurses.html" id="mvdelch"/>
<keyword name="mvderwin" ref="mvderwin.3ncurses.html" id="mvderwin"/>
<keyword name="mvgetch" ref="mvgetch.3ncurses.html" id="mvgetch"/>
<keyword name="mvgetnstr" ref="mvgetnstr.3ncurses.html" id="mvgetnstr"/>
<keyword name="mvgetn_wstr" ref="mvgetn_wstr.3ncurses.html" id="mvgetn_wstr"/>
<keyword name="mvgetstr" ref="mvgetstr.3ncurses.html" id="mvgetstr"/>
<keyword name="mvget_wch" ref="mvget_wch.3ncurses.html" id="mvget_wch"/>
<keyword name="mvget_wstr" ref="mvget_wstr.3ncurses.html" id="mvget_wstr"/>
<keyword name="mvhline" ref="mvhline.3ncurses.html" id="mvhline"/>
<keyword name="mvhline_set" ref="mvhline_set.3ncurses.html" id="mvhline_set"/>
<keyword name="mvinch" ref="mvinch.3ncurses.html" id="mvinch"/>
<keyword name="mvinchnstr" ref="mvinchnstr.3ncurses.html" id="mvinchnstr"/>
<keyword name="mvinchstr" ref="mvinchstr.3ncurses.html" id="mvinchstr"/>
<keyword name="mvinnstr" ref="mvinnstr.3ncurses.html" id="mvinnstr"/>
<keyword name="mvinnwstr" ref="mvinnwstr.3ncurses.html" id="mvinnwstr"/>
<keyword name="mvinsch" ref="mvinsch.3ncurses.html" id="mvinsch"/>
<keyword name="mvinsnstr" ref="mvinsnstr.3ncurses.html" id="mvinsnstr"/>
<keyword name="mvins_nwstr" ref="mvins_nwstr.3ncurses.html" id="mvins_nwstr"/>
<keyword name="mvinsstr" ref="mvinsstr.3ncurses.html" id="mvinsstr"/>
<keyword name="mvinstr" ref="mvinstr.3ncurses.html" id="mvinstr"/>
<keyword name="mvins_wch" ref="mvins_wch.3ncurses.html" id="mvins_wch"/>
<keyword name="mvins_wstr" ref="mvins_wstr.3ncurses.html" id="mvins_wstr"/>
<keyword name="mvin_wch" ref="mvin_wch.3ncurses.html" id="mvin_wch"/>
<keyword name="mvin_wchnstr" ref="mvin_wchnstr.3ncurses.html" id="mvin_wchnstr"/>
<keyword name="mvin_wchstr" ref="mvin_wchstr.3ncurses.html" id="mvin_wchstr"/>
<keyword name="mvinwstr" ref="mvinwstr.3ncurses.html" id="mvinwstr"/>
<keyword name="mvprintw" ref="mvprintw.3ncurses.html" id="mvprintw"/>
<keyword name="mvscanw" ref="mvscanw.3ncurses.html" id="mvscanw"/>
<keyword name="mvvline" ref="mvvline.3ncurses.html" id="mvvline"/>
<keyword name="mvvline_set" ref="mvvline_set.3ncurses.html" id="mvvline_set"/>
<keyword name="mvwaddch" ref="mvwaddch.3ncurses.html" id="mvwaddch"/>
<keyword name="mvwaddchnstr" ref="mvwaddchnstr.3ncurses.html" id="mvwaddchnstr"/>
<keyword name="mvwaddchstr" ref="mvwaddchstr.3ncurses.html" id="mvwaddchstr"/>
<keyword name="mvwaddnstr" ref="mvwaddnstr.3ncurses.html" id="mvwaddnstr"/>
<keyword name="mvwaddnwstr" ref="mvwaddnwstr.3ncurses.html" id="mvwaddnwstr"/>
<keyword name="mvwaddstr" ref="mvwaddstr.3ncurses.html" id="mvwaddstr"/>
<keyword name="mvwadd_wch" ref="mvwadd_wch.3ncurses.html" id="mvwadd_wch"/>
<keyword name="mvwadd_wchnstr" ref="mvwadd_wchnstr.3ncurses.html" id="mvwadd_wchnstr"/>
<keyword name="mvwadd_wchstr" ref="mvwadd_wchstr.3ncurses.html" id="mvwadd_wchstr"/>
<keyword name="mvwaddwstr" ref="mvwaddwstr.3ncurses.html" id="mvwaddwstr"/>
<keyword name="mvwchgat" ref="mvwchgat.3ncurses.html" id="mvwchgat"/>
<keyword name="mvwdelch" ref="mvwdelch.3ncurses.html" id="mvwdelch"/>
<keyword name="mvwgetch" ref="mvwgetch.3ncurses.html" id="mvwgetch"/>
<keyword name="mvwgetnstr" ref="mvwgetnstr.3ncurses.html" id="mvwgetnstr"/>
<keyword name="mvwgetn_wstr" ref="mvwgetn_wstr.3ncurses.html" id="mvwgetn_wstr"/>
<keyword name="mvwgetstr" ref="mvwgetstr.3ncurses.html" id="mvwgetstr"/>
<keyword name="mvwget_wch" ref="mvwget_wch.3ncurses.html" id="mvwget_wch"/>
<keyword name="mvwget_wstr" ref="mvwget_wstr.3ncurses.html" id="mvwget_wstr"/>
<keyword name="mvwhline" ref="mvwhline.3ncurses.html" id="mvwhline"/>
<keyword name="mvwhline_set" ref="mvwhline_set.3ncurses.html" id="mvwhline_set"/>
<keyword name="mvwin" ref="mvwin.3ncurses.html" id="mvwin"/>
<keyword name="mvwinch" ref="mvwinch.3ncurses.html" id="mvwinch"/>
<keyword name="mvwinchnstr" ref="mvwinchnstr.3ncurses.html" id="mvwinchnstr"/>
<keyword name="mvwinchstr" ref="mvwinchstr.3ncurses.html" id="mvwinchstr"/>
<keyword name="mvwinnstr" ref="mvwinnstr.3ncurses.html" id="mvwinnstr"/>
<keyword name="mvwinnwstr" ref="mvwinnwstr.3ncurses.html" id="mvwinnwstr"/>
<keyword name="mvwinsch" ref="mvwinsch.3ncurses.html" id="mvwinsch"/>
<keyword name="mvwinsnstr" ref="mvwinsnstr.3ncurses.html" id="mvwinsnstr"/>
<keyword name="mvwins_nwstr" ref="mvwins_nwstr.3ncurses.html" id="mvwins_nwstr"/>
<keyword name="mvwinsstr" ref="mvwinsstr.3ncurses.html" id="mvwinsstr"/>
<keyword name="mvwinstr" ref="mvwinstr.3ncurses.html" id="mvwinstr"/>
<keyword name="mvwins_wch" ref="mvwins_wch.3ncurses.html" id="mvwins_wch"/>
<keyword name="mvwins_wstr" ref="mvwins_wstr.3ncurses.html" id="mvwins_wstr"/>
<keyword name="mvwin_wch" ref="mvwin_wch.3ncurses.html" id="mvwin_wch"/>
<keyword name="mvwin_wchnstr" ref="mvwin_wchnstr.3ncurses.html" id="mvwin_wchnstr"/>
<keyword name="mvwin_wchstr" ref="mvwin_wchstr.3ncurses.html" id="mvwin_wchstr"/>
<keyword name="mvwinwstr" ref="mvwinwstr.3ncurses.html" id="mvwinwstr"/>
<keyword name="mvwprintw" ref="mvwprintw.3ncurses.html" id="mvwprintw"/>
<keyword name="mvwscanw" ref="mvwscanw.3ncurses.html" id="mvwscanw"/>
<keyword name="mvwvline" ref="mvwvline.3ncurses.html" id="mvwvline"/>
<keyword name="mvwvline_set" ref="mvwvline_set.3ncurses.html" id="mvwvline_set"/>
<keyword name="napms" ref="napms.3ncurses.html" id="napms"/>
<keyword name="napms_sp" ref="napms_sp.3ncurses.html" id="napms_sp"/>
<keyword name="_nc_freeall" ref="_nc_freeall.3ncurses.html" id="_nc_freeall"/>
<keyword name="_nc_free_and_exit" ref="_nc_free_and_exit.3ncurses.html" id="_nc_free_and_exit"/>
<keyword name="_nc_tracebits" ref="_nc_tracebits.3ncurses.html" id="_nc_tracebits"/>
<keyword name="ncurses" ref="ncurses.3ncurses.html" id="ncurses"/>
<keyword name="new_form_sp" ref="new_form_sp.3ncurses.html" id="new_form_sp"/>
<keyword name="new_menu_sp" ref="new_menu_sp.3ncurses.html" id="new_menu_sp"/>
<keyword name="newpad" ref="newpad.3ncurses.html" id="newpad"/>
<keyword name="newpad_sp" ref="newpad_sp.3ncurses.html" id="newpad_sp"/>
<keyword name="new_prescr" ref="new_prescr.3ncurses.html" id="new_prescr"/>
<keyword name="newscr" ref="newscr.3ncurses.html" id="newscr"/>
<keyword name="newterm" ref="newterm.3ncurses.html" id="newterm"/>
<keyword name="newterm_sp" ref="newterm_sp.3ncurses.html" id="newterm_sp"/>
<keyword name="newwin" ref="newwin.3ncurses.html" id="newwin"/>
<keyword name="newwin_sp" ref="newwin_sp.3ncurses.html" id="newwin_sp"/>
<keyword name="nl" ref="nl.3ncurses.html" id="nl"/>
<keyword name="nl_sp" ref="nl_sp.3ncurses.html" id="nl_sp"/>
<keyword name="nocbreak" ref="nocbreak.3ncurses.html" id="nocbreak"/>
<keyword name="nocbreak_sp" ref="nocbreak_sp.3ncurses.html" id="nocbreak_sp"/>
<keyword name="nodelay" ref="nodelay.3ncurses.html" id="nodelay"/>
<keyword name="noecho" ref="noecho.3ncurses.html" id="noecho"/>
<keyword name="noecho_sp" ref="noecho_sp.3ncurses.html" id="noecho_sp"/>
<keyword name="nofilter" ref="nofilter.3ncurses.html" id="nofilter"/>
<keyword name="nofilter_sp" ref="nofilter_sp.3ncurses.html" id="nofilter_sp"/>
<keyword name="nonl" ref="nonl.3ncurses.html" id="nonl"/>
<keyword name="nonl_sp" ref="nonl_sp.3ncurses.html" id="nonl_sp"/>
<keyword name="noqiflush" ref="noqiflush.3ncurses.html" id="noqiflush"/>
<keyword name="noqiflush_sp" ref="noqiflush_sp.3ncurses.html" id="noqiflush_sp"/>
<keyword name="noraw" ref="noraw.3ncurses.html" id="noraw"/>
<keyword name="noraw_sp" ref="noraw_sp.3ncurses.html" id="noraw_sp"/>
<keyword name="notimeout" ref="notimeout.3ncurses.html" id="notimeout"/>
<keyword name="numcodes" ref="numcodes.3ncurses.html" id="numcodes"/>
<keyword name="numfnames" ref="numfnames.3ncurses.html" id="numfnames"/>
<keyword name="numnames" ref="numnames.3ncurses.html" id="numnames"/>
<keyword name="opaque" ref="opaque.3ncurses.html" id="opaque"/>
<keyword name="ospeed" ref="ospeed.3ncurses.html" id="ospeed"/>
<keyword name="outopts" ref="outopts.3ncurses.html" id="outopts"/>
<keyword name="overlay" ref="overlay.3ncurses.html" id="overlay"/>
<keyword name="overwrite" ref="overwrite.3ncurses.html" id="overwrite"/>
<keyword name="pad" ref="pad.3ncurses.html" id="pad"/>
<keyword name="pair_content" ref="pair_content.3ncurses.html" id="pair_content"/>
<keyword name="pair_content_sp" ref="pair_content_sp.3ncurses.html" id="pair_content_sp"/>
<keyword name="PAIR_NUMBER" ref="PAIR_NUMBER.3ncurses.html" id="PAIR_NUMBER"/>
<keyword name="PC" ref="PC.3ncurses.html" id="PC"/>
<keyword name="pechochar" ref="pechochar.3ncurses.html" id="pechochar"/>
<keyword name="pecho_wchar" ref="pecho_wchar.3ncurses.html" id="pecho_wchar"/>
<keyword name="pnoutrefresh" ref="pnoutrefresh.3ncurses.html" id="pnoutrefresh"/>
<keyword name="prefresh" ref="prefresh.3ncurses.html" id="prefresh"/>
<keyword name="print" ref="print.3ncurses.html" id="print"/>
<keyword name="printw" ref="printw.3ncurses.html" id="printw"/>
<keyword name="putp" ref="putp.3ncurses.html" id="putp"/>
<keyword name="putp_sp" ref="putp_sp.3ncurses.html" id="putp_sp"/>
<keyword name="putwin" ref="putwin.3ncurses.html" id="putwin"/>
<keyword name="qiflush" ref="qiflush.3ncurses.html" id="qiflush"/>
<keyword name="qiflush_sp" ref="qiflush_sp.3ncurses.html" id="qiflush_sp"/>
<keyword name="raw" ref="raw.3ncurses.html" id="raw"/>
<keyword name="raw_sp" ref="raw_sp.3ncurses.html" id="raw_sp"/>
<keyword name="redrawwin" ref="redrawwin.3ncurses.html" id="redrawwin"/>
<keyword name="refresh" ref="refresh.3ncurses.html" id="refresh"/>
<keyword name="reset_prog_mode" ref="reset_prog_mode.3ncurses.html" id="reset_prog_mode"/>
<keyword name="reset_prog_mode_sp" ref="reset_prog_mode_sp.3ncurses.html" id="reset_prog_mode_sp"/>
<keyword name="reset_shell_mode" ref="reset_shell_mode.3ncurses.html" id="reset_shell_mode"/>
<keyword name="reset_shell_mode_sp" ref="reset_shell_mode_sp.3ncurses.html" id="reset_shell_mode_sp"/>
<keyword name="resetty" ref="resetty.3ncurses.html" id="resetty"/>
<keyword name="resetty_sp" ref="resetty_sp.3ncurses.html" id="resetty_sp"/>
<keyword name="resize_term" ref="resize_term.3ncurses.html" id="resize_term"/>
<keyword name="resizeterm" ref="resizeterm.3ncurses.html" id="resizeterm"/>
<keyword name="resize_term_sp" ref="resize_term_sp.3ncurses.html" id="resize_term_sp"/>
<keyword name="resizeterm_sp" ref="resizeterm_sp.3ncurses.html" id="resizeterm_sp"/>
<keyword name="restartterm" ref="restartterm.3ncurses.html" id="restartterm"/>
<keyword name="restartterm_sp" ref="restartterm_sp.3ncurses.html" id="restartterm_sp"/>
<keyword name="ripoffline" ref="ripoffline.3ncurses.html" id="ripoffline"/>
<keyword name="ripoffline_sp" ref="ripoffline_sp.3ncurses.html" id="ripoffline_sp"/>
<keyword name="savetty" ref="savetty.3ncurses.html" id="savetty"/>
<keyword name="savetty_sp" ref="savetty_sp.3ncurses.html" id="savetty_sp"/>
<keyword name="scanw" ref="scanw.3ncurses.html" id="scanw"/>
<keyword name="scr_dump" ref="scr_dump.3ncurses.html" id="scr_dump"/>
<keyword name="scr_init" ref="scr_init.3ncurses.html" id="scr_init"/>
<keyword name="scr_init_sp" ref="scr_init_sp.3ncurses.html" id="scr_init_sp"/>
<keyword name="scrl" ref="scrl.3ncurses.html" id="scrl"/>
<keyword name="scroll" ref="scroll.3ncurses.html" id="scroll"/>
<keyword name="scrollok" ref="scrollok.3ncurses.html" id="scrollok"/>
<keyword name="scr_restore" ref="scr_restore.3ncurses.html" id="scr_restore"/>
<keyword name="scr_restore_sp" ref="scr_restore_sp.3ncurses.html" id="scr_restore_sp"/>
<keyword name="scr_set" ref="scr_set.3ncurses.html" id="scr_set"/>
<keyword name="scr_set_sp" ref="scr_set_sp.3ncurses.html" id="scr_set_sp"/>
<keyword name="setcchar" ref="setcchar.3ncurses.html" id="setcchar"/>
<keyword name="set_curterm" ref="set_curterm.3ncurses.html" id="set_curterm"/>
<keyword name="set_curterm_sp" ref="set_curterm_sp.3ncurses.html" id="set_curterm_sp"/>
<keyword name="set_escdelay" ref="set_escdelay.3ncurses.html" id="set_escdelay"/>
<keyword name="set_escdelay_sp" ref="set_escdelay_sp.3ncurses.html" id="set_escdelay_sp"/>
<keyword name="setscrreg" ref="setscrreg.3ncurses.html" id="setscrreg"/>
<keyword name="setsyx" ref="setsyx.3ncurses.html" id="setsyx"/>
<keyword name="set_tabsize" ref="set_tabsize.3ncurses.html" id="set_tabsize"/>
<keyword name="set_tabsize_sp" ref="set_tabsize_sp.3ncurses.html" id="set_tabsize_sp"/>
<keyword name="set_term" ref="set_term.3ncurses.html" id="set_term"/>
<keyword name="setterm" ref="setterm.3ncurses.html" id="setterm"/>
<keyword name="setupterm" ref="setupterm.3ncurses.html" id="setupterm"/>
<keyword name="slk" ref="slk.3ncurses.html" id="slk"/>
<keyword name="slk_attr" ref="slk_attr.3ncurses.html" id="slk_attr"/>
<keyword name="slk_attr_off" ref="slk_attr_off.3ncurses.html" id="slk_attr_off"/>
<keyword name="slk_attroff" ref="slk_attroff.3ncurses.html" id="slk_attroff"/>
<keyword name="slk_attroff_sp" ref="slk_attroff_sp.3ncurses.html" id="slk_attroff_sp"/>
<keyword name="slk_attr_on" ref="slk_attr_on.3ncurses.html" id="slk_attr_on"/>
<keyword name="slk_attron" ref="slk_attron.3ncurses.html" id="slk_attron"/>
<keyword name="slk_attron_sp" ref="slk_attron_sp.3ncurses.html" id="slk_attron_sp"/>
<keyword name="slk_attr_set" ref="slk_attr_set.3ncurses.html" id="slk_attr_set"/>
<keyword name="slk_attrset" ref="slk_attrset.3ncurses.html" id="slk_attrset"/>
<keyword name="slk_attr_set_sp" ref="slk_attr_set_sp.3ncurses.html" id="slk_attr_set_sp"/>
<keyword name="slk_attrset_sp" ref="slk_attrset_sp.3ncurses.html" id="slk_attrset_sp"/>
<keyword name="slk_attr_sp" ref="slk_attr_sp.3ncurses.html" id="slk_attr_sp"/>
<keyword name="slk_clear" ref="slk_clear.3ncurses.html" id="slk_clear"/>
<keyword name="slk_clear_sp" ref="slk_clear_sp.3ncurses.html" id="slk_clear_sp"/>
<keyword name="slk_color" ref="slk_color.3ncurses.html" id="slk_color"/>
<keyword name="slk_color_sp" ref="slk_color_sp.3ncurses.html" id="slk_color_sp"/>
<keyword name="slk_init" ref="slk_init.3ncurses.html" id="slk_init"/>
<keyword name="slk_init_sp" ref="slk_init_sp.3ncurses.html" id="slk_init_sp"/>
<keyword name="slk_label" ref="slk_label.3ncurses.html" id="slk_label"/>
<keyword name="slk_label_sp" ref="slk_label_sp.3ncurses.html" id="slk_label_sp"/>
<keyword name="slk_noutrefresh" ref="slk_noutrefresh.3ncurses.html" id="slk_noutrefresh"/>
<keyword name="slk_noutrefresh_sp" ref="slk_noutrefresh_sp.3ncurses.html" id="slk_noutrefresh_sp"/>
<keyword name="slk_refresh" ref="slk_refresh.3ncurses.html" id="slk_refresh"/>
<keyword name="slk_refresh_sp" ref="slk_refresh_sp.3ncurses.html" id="slk_refresh_sp"/>
<keyword name="slk_restore" ref="slk_restore.3ncurses.html" id="slk_restore"/>
<keyword name="slk_restore_sp" ref="slk_restore_sp.3ncurses.html" id="slk_restore_sp"/>
<keyword name="slk_set" ref="slk_set.3ncurses.html" id="slk_set"/>
<keyword name="slk_set_sp" ref="slk_set_sp.3ncurses.html" id="slk_set_sp"/>
<keyword name="slk_touch" ref="slk_touch.3ncurses.html" id="slk_touch"/>
<keyword name="slk_touch_sp" ref="slk_touch_sp.3ncurses.html" id="slk_touch_sp"/>
<keyword name="slk_wset" ref="slk_wset.3ncurses.html" id="slk_wset"/>
<keyword name="SP" ref="SP.3ncurses.html" id="SP"/>
<keyword name="sp_funcs" ref="sp_funcs.3ncurses.html" id="sp_funcs"/>
<keyword name="standend" ref="standend.3ncurses.html" id="standend"/>
<keyword name="standout" ref="standout.3ncurses.html" id="standout"/>
<keyword name="start_color" ref="start_color.3ncurses.html" id="start_color"/>
<keyword name="start_color_sp" ref="start_color_sp.3ncurses.html" id="start_color_sp"/>
<keyword name="stdscr" ref="stdscr.3ncurses.html" id="stdscr"/>
<keyword name="strcodes" ref="strcodes.3ncurses.html" id="strcodes"/>
<keyword name="strfnames" ref="strfnames.3ncurses.html" id="strfnames"/>
<keyword name="strnames" ref="strnames.3ncurses.html" id="strnames"/>
<keyword name="subpad" ref="subpad.3ncurses.html" id="subpad"/>
<keyword name="subwin" ref="subwin.3ncurses.html" id="subwin"/>
<keyword name="syncok" ref="syncok.3ncurses.html" id="syncok"/>
<keyword name="TABSIZE" ref="TABSIZE.3ncurses.html" id="TABSIZE"/>
<keyword name="term_attrs" ref="term_attrs.3ncurses.html" id="term_attrs"/>
<keyword name="termattrs" ref="termattrs.3ncurses.html" id="termattrs"/>
<keyword name="term_attrs_sp" ref="term_attrs_sp.3ncurses.html" id="term_attrs_sp"/>
<keyword name="termattrs_sp" ref="termattrs_sp.3ncurses.html" id="termattrs_sp"/>
<keyword name="termcap" ref="termcap.3ncurses.html" id="termcap"/>
<keyword name="terminfo" ref="terminfo.3ncurses.html" id="terminfo"/>
<keyword name="terminfo_variables" ref="terminfo_variables.3ncurses.html" id="terminfo_variables"/>
<keyword name="termname" ref="termname.3ncurses.html" id="termname"/>
<keyword name="termname_sp" ref="termname_sp.3ncurses.html" id="termname_sp"/>
<keyword name="tgetent" ref="tgetent.3ncurses.html" id="tgetent"/>
<keyword name="tgetent_sp" ref="tgetent_sp.3ncurses.html" id="tgetent_sp"/>
<keyword name="tgetflag" ref="tgetflag.3ncurses.html" id="tgetflag"/>
<keyword name="tgetflag_sp" ref="tgetflag_sp.3ncurses.html" id="tgetflag_sp"/>
<keyword name="tgetnum" ref="tgetnum.3ncurses.html" id="tgetnum"/>
<keyword name="tgetnum_sp" ref="tgetnum_sp.3ncurses.html" id="tgetnum_sp"/>
<keyword name="tgetstr" ref="tgetstr.3ncurses.html" id="tgetstr"/>
<keyword name="tgetstr_sp" ref="tgetstr_sp.3ncurses.html" id="tgetstr_sp"/>
<keyword name="tgoto" ref="tgoto.3ncurses.html" id="tgoto"/>
<keyword name="threads" ref="threads.3ncurses.html" id="threads"/>
<keyword name="tigetflag" ref="tigetflag.3ncurses.html" id="tigetflag"/>
<keyword name="tigetflag_sp" ref="tigetflag_sp.3ncurses.html" id="tigetflag_sp"/>
<keyword name="tigetnum" ref="tigetnum.3ncurses.html" id="tigetnum"/>
<keyword name="tigetnum_sp" ref="tigetnum_sp.3ncurses.html" id="tigetnum_sp"/>
<keyword name="tigetstr" ref="tigetstr.3ncurses.html" id="tigetstr"/>
<keyword name="tigetstr_sp" ref="tigetstr_sp.3ncurses.html" id="tigetstr_sp"/>
<keyword name="timeout" ref="timeout.3ncurses.html" id="timeout"/>
<keyword name="tiparm" ref="tiparm.3ncurses.html" id="tiparm"/>
<keyword name="touch" ref="touch.3ncurses.html" id="touch"/>
<keyword name="touchline" ref="touchline.3ncurses.html" id="touchline"/>
<keyword name="touchwin" ref="touchwin.3ncurses.html" id="touchwin"/>
<keyword name="tparm" ref="tparm.3ncurses.html" id="tparm"/>
<keyword name="tputs" ref="tputs.3ncurses.html" id="tputs"/>
<keyword name="tputs_sp" ref="tputs_sp.3ncurses.html" id="tputs_sp"/>
<keyword name="trace" ref="trace.3ncurses.html" id="trace"/>
<keyword name="_traceattr2" ref="_traceattr2.3ncurses.html" id="_traceattr2"/>
<keyword name="_traceattr" ref="_traceattr.3ncurses.html" id="_traceattr"/>
<keyword name="_tracecchar_t2" ref="_tracecchar_t2.3ncurses.html" id="_tracecchar_t2"/>
<keyword name="_tracecchar_t" ref="_tracecchar_t.3ncurses.html" id="_tracecchar_t"/>
<keyword name="_tracechar" ref="_tracechar.3ncurses.html" id="_tracechar"/>
<keyword name="_tracechtype2" ref="_tracechtype2.3ncurses.html" id="_tracechtype2"/>
<keyword name="_tracechtype" ref="_tracechtype.3ncurses.html" id="_tracechtype"/>
<keyword name="_tracedump" ref="_tracedump.3ncurses.html" id="_tracedump"/>
<keyword name="_tracef" ref="_tracef.3ncurses.html" id="_tracef"/>
<keyword name="_tracemouse" ref="_tracemouse.3ncurses.html" id="_tracemouse"/>
<keyword name="ttytype" ref="ttytype.3ncurses.html" id="ttytype"/>
<keyword name="typeahead" ref="typeahead.3ncurses.html" id="typeahead"/>
<keyword name="typeahead_sp" ref="typeahead_sp.3ncurses.html" id="typeahead_sp"/>
<keyword name="unctrl" ref="unctrl.3ncurses.html" id="unctrl"/>
<keyword name="unctrl_sp" ref="unctrl_sp.3ncurses.html" id="unctrl_sp"/>
<keyword name="ungetch" ref="ungetch.3ncurses.html" id="ungetch"/>
<keyword name="ungetch_sp" ref="ungetch_sp.3ncurses.html" id="ungetch_sp"/>
<keyword name="ungetmouse" ref="ungetmouse.3ncurses.html" id="ungetmouse"/>
<keyword name="ungetmouse_sp" ref="ungetmouse_sp.3ncurses.html" id="ungetmouse_sp"/>
<keyword name="unget_wch" ref="unget_wch.3ncurses.html" id="unget_wch"/>
<keyword name="unget_wch_sp" ref="unget_wch_sp.3ncurses.html" id="unget_wch_sp"/>
<keyword name="untouchwin" ref="untouchwin.3ncurses.html" id="untouchwin"/>
<keyword name="UP" ref="UP.3ncurses.html" id="UP"/>
<keyword name="update_panels_sp" ref="update_panels_sp.3ncurses.html" id="update_panels_sp"/>
<keyword name="use_default_colors" ref="use_default_colors.3ncurses.html" id="use_default_colors"/>
<keyword name="use_default_colors_sp" ref="use_default_colors_sp.3ncurses.html" id="use_default_colors_sp"/>
<keyword name="use_env" ref="use_env.3ncurses.html" id="use_env"/>
<keyword name="use_env_sp" ref="use_env_sp.3ncurses.html" id="use_env_sp"/>
<keyword name="use_extended_names" ref="use_extended_names.3ncurses.html" id="use_extended_names"/>
<keyword name="use_legacy_coding" ref="use_legacy_coding.3ncurses.html" id="use_legacy_coding"/>
<keyword name="use_legacy_coding_sp" ref="use_legacy_coding_sp.3ncurses.html" id="use_legacy_coding_sp"/>
<keyword name="use_screen" ref="use_screen.3ncurses.html" id="use_screen"/>
<keyword name="use_tioctl" ref="use_tioctl.3ncurses.html" id="use_tioctl"/>
<keyword name="use_window" ref="use_window.3ncurses.html" id="use_window"/>
<keyword name="util" ref="util.3ncurses.html" id="util"/>
<keyword name="vid_attr" ref="vid_attr.3ncurses.html" id="vid_attr"/>
<keyword name="vidattr" ref="vidattr.3ncurses.html" id="vidattr"/>
<keyword name="vid_attr_sp" ref="vid_attr_sp.3ncurses.html" id="vid_attr_sp"/>
<keyword name="vidattr_sp" ref="vidattr_sp.3ncurses.html" id="vidattr_sp"/>
<keyword name="vid_puts" ref="vid_puts.3ncurses.html" id="vid_puts"/>
<keyword name="vidputs" ref="vidputs.3ncurses.html" id="vidputs"/>
<keyword name="vid_puts_sp" ref="vid_puts_sp.3ncurses.html" id="vid_puts_sp"/>
<keyword name="vidputs_sp" ref="vidputs_sp.3ncurses.html" id="vidputs_sp"/>
<keyword name="vline" ref="vline.3ncurses.html" id="vline"/>
<keyword name="vline_set" ref="vline_set.3ncurses.html" id="vline_set"/>
<keyword name="vw_printw" ref="vw_printw.3ncurses.html" id="vw_printw"/>
<keyword name="vwprintw" ref="vwprintw.3ncurses.html" id="vwprintw"/>
<keyword name="vw_scanw" ref="vw_scanw.3ncurses.html" id="vw_scanw"/>
<keyword name="vwscanw" ref="vwscanw.3ncurses.html" id="vwscanw"/>
<keyword name="waddch" ref="waddch.3ncurses.html" id="waddch"/>
<keyword name="waddchnstr" ref="waddchnstr.3ncurses.html" id="waddchnstr"/>
<keyword name="waddchstr" ref="waddchstr.3ncurses.html" id="waddchstr"/>
<keyword name="waddnstr" ref="waddnstr.3ncurses.html" id="waddnstr"/>
<keyword name="waddnwstr" ref="waddnwstr.3ncurses.html" id="waddnwstr"/>
<keyword name="waddstr" ref="waddstr.3ncurses.html" id="waddstr"/>
<keyword name="wadd_wch" ref="wadd_wch.3ncurses.html" id="wadd_wch"/>
<keyword name="wadd_wchnstr" ref="wadd_wchnstr.3ncurses.html" id="wadd_wchnstr"/>
<keyword name="wadd_wchstr" ref="wadd_wchstr.3ncurses.html" id="wadd_wchstr"/>
<keyword name="waddwstr" ref="waddwstr.3ncurses.html" id="waddwstr"/>
<keyword name="wattr_get" ref="wattr_get.3ncurses.html" id="wattr_get"/>
<keyword name="wattr_off" ref="wattr_off.3ncurses.html" id="wattr_off"/>
<keyword name="wattroff" ref="wattroff.3ncurses.html" id="wattroff"/>
<keyword name="wattr_on" ref="wattr_on.3ncurses.html" id="wattr_on"/>
<keyword name="wattron" ref="wattron.3ncurses.html" id="wattron"/>
<keyword name="wattr_set" ref="wattr_set.3ncurses.html" id="wattr_set"/>
<keyword name="wattrset" ref="wattrset.3ncurses.html" id="wattrset"/>
<keyword name="wbkgd" ref="wbkgd.3ncurses.html" id="wbkgd"/>
<keyword name="wbkgdset" ref="wbkgdset.3ncurses.html" id="wbkgdset"/>
<keyword name="wbkgrnd" ref="wbkgrnd.3ncurses.html" id="wbkgrnd"/>
<keyword name="wbkgrndset" ref="wbkgrndset.3ncurses.html" id="wbkgrndset"/>
<keyword name="wborder" ref="wborder.3ncurses.html" id="wborder"/>
<keyword name="wborder_set" ref="wborder_set.3ncurses.html" id="wborder_set"/>
<keyword name="wchgat" ref="wchgat.3ncurses.html" id="wchgat"/>
<keyword name="wclear" ref="wclear.3ncurses.html" id="wclear"/>
<keyword name="wclrtobot" ref="wclrtobot.3ncurses.html" id="wclrtobot"/>
<keyword name="wclrtoeol" ref="wclrtoeol.3ncurses.html" id="wclrtoeol"/>
<keyword name="wcolor_set" ref="wcolor_set.3ncurses.html" id="wcolor_set"/>
<keyword name="wcursyncup" ref="wcursyncup.3ncurses.html" id="wcursyncup"/>
<keyword name="wdelch" ref="wdelch.3ncurses.html" id="wdelch"/>
<keyword name="wdeleteln" ref="wdeleteln.3ncurses.html" id="wdeleteln"/>
<keyword name="wechochar" ref="wechochar.3ncurses.html" id="wechochar"/>
<keyword name="wecho_wchar" ref="wecho_wchar.3ncurses.html" id="wecho_wchar"/>
<keyword name="wenclose" ref="wenclose.3ncurses.html" id="wenclose"/>
<keyword name="werase" ref="werase.3ncurses.html" id="werase"/>
<keyword name="wgetbkgrnd" ref="wgetbkgrnd.3ncurses.html" id="wgetbkgrnd"/>
<keyword name="wgetch" ref="wgetch.3ncurses.html" id="wgetch"/>
<keyword name="wgetnstr" ref="wgetnstr.3ncurses.html" id="wgetnstr"/>
<keyword name="wgetn_wstr" ref="wgetn_wstr.3ncurses.html" id="wgetn_wstr"/>
<keyword name="wgetparent" ref="wgetparent.3ncurses.html" id="wgetparent"/>
<keyword name="wgetscrreg" ref="wgetscrreg.3ncurses.html" id="wgetscrreg"/>
<keyword name="wgetstr" ref="wgetstr.3ncurses.html" id="wgetstr"/>
<keyword name="wget_wch" ref="wget_wch.3ncurses.html" id="wget_wch"/>
<keyword name="wget_wstr" ref="wget_wstr.3ncurses.html" id="wget_wstr"/>
<keyword name="whline" ref="whline.3ncurses.html" id="whline"/>
<keyword name="whline_set" ref="whline_set.3ncurses.html" id="whline_set"/>
<keyword name="winch" ref="winch.3ncurses.html" id="winch"/>
<keyword name="winchnstr" ref="winchnstr.3ncurses.html" id="winchnstr"/>
<keyword name="winchstr" ref="winchstr.3ncurses.html" id="winchstr"/>
<keyword name="window" ref="window.3ncurses.html" id="window"/>
<keyword name="winnstr" ref="winnstr.3ncurses.html" id="winnstr"/>
<keyword name="winnwstr" ref="winnwstr.3ncurses.html" id="winnwstr"/>
<keyword name="winsch" ref="winsch.3ncurses.html" id="winsch"/>
<keyword name="winsdelln" ref="winsdelln.3ncurses.html" id="winsdelln"/>
<keyword name="winsertln" ref="winsertln.3ncurses.html" id="winsertln"/>
<keyword name="winsnstr" ref="winsnstr.3ncurses.html" id="winsnstr"/>
<keyword name="wins_nwstr" ref="wins_nwstr.3ncurses.html" id="wins_nwstr"/>
<keyword name="winsstr" ref="winsstr.3ncurses.html" id="winsstr"/>
<keyword name="winstr" ref="winstr.3ncurses.html" id="winstr"/>
<keyword name="wins_wch" ref="wins_wch.3ncurses.html" id="wins_wch"/>
<keyword name="wins_wstr" ref="wins_wstr.3ncurses.html" id="wins_wstr"/>
<keyword name="win_wch" ref="win_wch.3ncurses.html" id="win_wch"/>
<keyword name="win_wchnstr" ref="win_wchnstr.3ncurses.html" id="win_wchnstr"/>
<keyword name="win_wchstr" ref="win_wchstr.3ncurses.html" id="win_wchstr"/>
<keyword name="winwstr" ref="winwstr.3ncurses.html" id="winwstr"/>
<keyword name="wmouse_trafo" ref="wmouse_trafo.3ncurses.html" id="wmouse_trafo"/>
<keyword name="wmove" ref="wmove.3ncurses.html" id="wmove"/>
<keyword name="wnoutrefresh" ref="wnoutrefresh.3ncurses.html" id="wnoutrefresh"/>
<keyword name="wprintw" ref="wprintw.3ncurses.html" id="wprintw"/>
<keyword name="wredrawln" ref="wredrawln.3ncurses.html" id="wredrawln"/>
<keyword name="wrefresh" ref="wrefresh.3ncurses.html" id="wrefresh"/>
<keyword name="wresize" ref="wresize.3ncurses.html" id="wresize"/>
<keyword name="wscanw" ref="wscanw.3ncurses.html" id="wscanw"/>
<keyword name="wscrl" ref="wscrl.3ncurses.html" id="wscrl"/>
<keyword name="wsetscrreg" ref="wsetscrreg.3ncurses.html" id="wsetscrreg"/>
<keyword name="wstandend" ref="wstandend.3ncurses.html" id="wstandend"/>
<keyword name="wstandout" ref="wstandout.3ncurses.html" id="wstandout"/>
<keyword name="wsyncdown" ref="wsyncdown.3ncurses.html" id="wsyncdown"/>
<keyword name="wsyncup" ref="wsyncup.3ncurses.html" id="wsyncup"/>
<keyword name="wtimeout" ref="wtimeout.3ncurses.html" id="wtimeout"/>
<keyword name="wtouchln" ref="wtouchln.3ncurses.html" id="wtouchln"/>
<keyword name="wunctrl" ref="wunctrl.3ncurses.html" id="wunctrl"/>
<keyword name="wunctrl_sp" ref="wunctrl_sp.3ncurses.html" id="wunctrl_sp"/>
<keyword name="wvline" ref="wvline.3ncurses.html" id="wvline"/>
<keyword name="wvline_set" ref="wvline_set.3ncurses.html" id="wvline_set"/>
